C:/Users/kszul/Desktop/teststerco/bl_ster_co/Core/Src/stm32f7xx_hal_msp.c:65:6:HAL_MspInit	8	static
C:/Users/kszul/Desktop/teststerco/bl_ster_co/Core/Src/stm32f7xx_hal_msp.c:90:6:HAL_CRC_MspInit	8	static
C:/Users/kszul/Desktop/teststerco/bl_ster_co/Core/Src/stm32f7xx_hal_msp.c:113:6:HAL_CRC_MspDeInit	0	static
C:/Users/kszul/Desktop/teststerco/bl_ster_co/Core/Src/stm32f7xx_hal_msp.c:135:6:HAL_DMA2D_MspInit	16	static
C:/Users/kszul/Desktop/teststerco/bl_ster_co/Core/Src/stm32f7xx_hal_msp.c:161:6:HAL_DMA2D_MspDeInit	0	static
C:/Users/kszul/Desktop/teststerco/bl_ster_co/Core/Src/stm32f7xx_hal_msp.c:186:6:HAL_I2C_MspInit	168	static
C:/Users/kszul/Desktop/teststerco/bl_ster_co/Core/Src/stm32f7xx_hal_msp.c:233:6:HAL_I2C_MspDeInit	8	static
C:/Users/kszul/Desktop/teststerco/bl_ster_co/Core/Src/stm32f7xx_hal_msp.c:264:6:HAL_LTDC_MspInit	192	static
C:/Users/kszul/Desktop/teststerco/bl_ster_co/Core/Src/stm32f7xx_hal_msp.c:382:6:HAL_LTDC_MspDeInit	8	static
C:/Users/kszul/Desktop/teststerco/bl_ster_co/Core/Src/stm32f7xx_hal_msp.c:451:6:HAL_QSPI_MspInit	64	static
C:/Users/kszul/Desktop/teststerco/bl_ster_co/Core/Src/stm32f7xx_hal_msp.c:515:6:HAL_QSPI_MspDeInit	8	static
C:/Users/kszul/Desktop/teststerco/bl_ster_co/Core/Src/stm32f7xx_hal_msp.c:654:6:HAL_SDRAM_MspInit	48	static
C:/Users/kszul/Desktop/teststerco/bl_ster_co/Core/Src/stm32f7xx_hal_msp.c:740:6:HAL_SDRAM_MspDeInit	8	static
